Archive member included because of file (symbol)

/usr/lib/gcc/avr/4.8.1/avr5/libgcc.a(_divmodhi4.o)
                              main.o (__divmodhi4)
/usr/lib/gcc/avr/4.8.1/avr5/libgcc.a(_exit.o)
                              /usr/lib/gcc/avr/4.8.1/../../../avr/lib/avr5/crtm644p.o (exit)
/usr/lib/gcc/avr/4.8.1/avr5/libgcc.a(_tablejump.o)
                              main.o (__tablejump2__)
/usr/lib/gcc/avr/4.8.1/avr5/libgcc.a(_copy_data.o)
                              main.o (__do_copy_data)
/usr/lib/gcc/avr/4.8.1/avr5/libgcc.a(_clear_bss.o)
                              main.o (__do_clear_bss)
/usr/lib/gcc/avr/4.8.1/avr5/libgcc.a(_udivmodhi4.o)
                              /usr/lib/gcc/avr/4.8.1/avr5/libgcc.a(_divmodhi4.o) (__udivmodhi4)
/usr/lib/gcc/avr/4.8.1/../../../avr/lib/avr5/libc.a(rand.o)
                              main.o (rand)
/usr/lib/gcc/avr/4.8.1/../../../avr/lib/avr5/libc.a(fgetc.o)
                              main.o (fgetc)
/usr/lib/gcc/avr/4.8.1/../../../avr/lib/avr5/libc.a(fprintf.o)
                              main.o (fprintf)
/usr/lib/gcc/avr/4.8.1/../../../avr/lib/avr5/libc.a(fputc.o)
                              main.o (fputc)
/usr/lib/gcc/avr/4.8.1/../../../avr/lib/avr5/libc.a(iob.o)
                              main.o (__iob)
/usr/lib/gcc/avr/4.8.1/../../../avr/lib/avr5/libc.a(printf.o)
                              main.o (printf)
/usr/lib/gcc/avr/4.8.1/../../../avr/lib/avr5/libc.a(vfprintf_std.o)
                              /usr/lib/gcc/avr/4.8.1/../../../avr/lib/avr5/libc.a(fprintf.o) (vfprintf)
/usr/lib/gcc/avr/4.8.1/../../../avr/lib/avr5/libc.a(eerd_byte_atmega644p.o)
                              main.o (__eerd_byte_m644p)
/usr/lib/gcc/avr/4.8.1/../../../avr/lib/avr5/libc.a(eeupd_byte_atmega644p.o)
                              main.o (__eeupd_byte_m644p)
/usr/lib/gcc/avr/4.8.1/../../../avr/lib/avr5/libc.a(strnlen_P.o)
                              /usr/lib/gcc/avr/4.8.1/../../../avr/lib/avr5/libc.a(vfprintf_std.o) (strnlen_P)
/usr/lib/gcc/avr/4.8.1/../../../avr/lib/avr5/libc.a(strnlen.o)
                              /usr/lib/gcc/avr/4.8.1/../../../avr/lib/avr5/libc.a(vfprintf_std.o) (strnlen)
/usr/lib/gcc/avr/4.8.1/../../../avr/lib/avr5/libc.a(ultoa_invert.o)
                              /usr/lib/gcc/avr/4.8.1/../../../avr/lib/avr5/libc.a(vfprintf_std.o) (__ultoa_invert)
/usr/lib/gcc/avr/4.8.1/avr5/libgcc.a(_divmodsi4.o)
                              /usr/lib/gcc/avr/4.8.1/../../../avr/lib/avr5/libc.a(rand.o) (__divmodsi4)
/usr/lib/gcc/avr/4.8.1/avr5/libgcc.a(_negsi2.o)
                              /usr/lib/gcc/avr/4.8.1/avr5/libgcc.a(_divmodsi4.o) (__negsi2)
/usr/lib/gcc/avr/4.8.1/avr5/libgcc.a(_muluhisi3.o)
                              /usr/lib/gcc/avr/4.8.1/../../../avr/lib/avr5/libc.a(rand.o) (__muluhisi3)
/usr/lib/gcc/avr/4.8.1/avr5/libgcc.a(_mulshisi3.o)
                              /usr/lib/gcc/avr/4.8.1/../../../avr/lib/avr5/libc.a(rand.o) (__mulohisi3)
/usr/lib/gcc/avr/4.8.1/avr5/libgcc.a(_prologue.o)
                              /usr/lib/gcc/avr/4.8.1/../../../avr/lib/avr5/libc.a(fprintf.o) (__prologue_saves__)
/usr/lib/gcc/avr/4.8.1/avr5/libgcc.a(_epilogue.o)
                              /usr/lib/gcc/avr/4.8.1/../../../avr/lib/avr5/libc.a(fprintf.o) (__epilogue_restores__)
/usr/lib/gcc/avr/4.8.1/avr5/libgcc.a(_udivmodsi4.o)
                              /usr/lib/gcc/avr/4.8.1/avr5/libgcc.a(_divmodsi4.o) (__udivmodsi4)
/usr/lib/gcc/avr/4.8.1/avr5/libgcc.a(_umulhisi3.o)
                              /usr/lib/gcc/avr/4.8.1/avr5/libgcc.a(_muluhisi3.o) (__umulhisi3)

Allocating common symbols
Common symbol       size              file

main_config         0x1               main.o
maxpos              0x2               main.o
program             0xc4f             main.o
kb_buffer_cnt       0x1               main.o
linenum             0x2               main.o
kb_bit_cnt          0x1               main.o
txtpos              0x2               main.o
in_buffer           0x6               main.o
stack               0x2               main.o
new_end             0x2               main.o
kb_read_ptr         0x1               main.o
val                 0x2               main.o
stack_limit         0x2               main.o
eeprom_ptr          0x2               main.o
current_line        0x2               main.o
table_index         0x1               main.o
program_end         0x2               main.o
kb_write_ptr        0x1               main.o
list_line           0x2               main.o
break_flow          0x1               main.o
sp                  0x2               main.o
edge                0x1               main.o
tempsp              0x2               main.o
program_start       0x2               main.o
variables_begin     0x2               main.o
kb_buffer           0x10              main.o
start               0x2               main.o
error_code          0x1               main.o
__iob               0x6               /usr/lib/gcc/avr/4.8.1/../../../avr/lib/avr5/libc.a(iob.o)
inptr               0x2               main.o
isDigital           0x1               main.o
linelen             0x1               main.o

Memory Configuration

Name             Origin             Length             Attributes
text             0x0000000000000000 0x0000000000020000 xr
data             0x0000000000800060 0x000000000000ffa0 rw !x
eeprom           0x0000000000810000 0x0000000000010000 rw !x
fuse             0x0000000000820000 0x0000000000000400 rw !x
lock             0x0000000000830000 0x0000000000000400 rw !x
signature        0x0000000000840000 0x0000000000000400 rw !x
user_signatures  0x0000000000850000 0x0000000000000400 rw !x
*default*        0x0000000000000000 0xffffffffffffffff

Linker script and memory map

Address of section .data set to 0x800100
LOAD /usr/lib/gcc/avr/4.8.1/../../../avr/lib/avr5/crtm644p.o
LOAD main.o
START GROUP
LOAD /usr/lib/gcc/avr/4.8.1/avr5/libgcc.a
LOAD /usr/lib/gcc/avr/4.8.1/../../../avr/lib/avr5/libm.a
LOAD /usr/lib/gcc/avr/4.8.1/../../../avr/lib/avr5/libc.a
END GROUP

.hash
 *(.hash)

.dynsym
 *(.dynsym)

.dynstr
 *(.dynstr)

.gnu.version
 *(.gnu.version)

.gnu.version_d
 *(.gnu.version_d)

.gnu.version_r
 *(.gnu.version_r)

.rel.init
 *(.rel.init)

.rela.init
 *(.rela.init)

.rel.text
 *(.rel.text)
 *(.rel.text.*)
 *(.rel.gnu.linkonce.t*)

.rela.text
 *(.rela.text)
 *(.rela.text.*)
 *(.rela.gnu.linkonce.t*)

.rel.fini
 *(.rel.fini)

.rela.fini
 *(.rela.fini)

.rel.rodata
 *(.rel.rodata)
 *(.rel.rodata.*)
 *(.rel.gnu.linkonce.r*)

.rela.rodata
 *(.rela.rodata)
 *(.rela.rodata.*)
 *(.rela.gnu.linkonce.r*)

.rel.data
 *(.rel.data)
 *(.rel.data.*)
 *(.rel.gnu.linkonce.d*)

.rela.data
 *(.rela.data)
 *(.rela.data.*)
 *(.rela.gnu.linkonce.d*)

.rel.ctors
 *(.rel.ctors)

.rela.ctors
 *(.rela.ctors)

.rel.dtors
 *(.rel.dtors)

.rela.dtors
 *(.rela.dtors)

.rel.got
 *(.rel.got)

.rela.got
 *(.rela.got)

.rel.bss
 *(.rel.bss)

.rela.bss
 *(.rela.bss)

.rel.plt
 *(.rel.plt)

.rela.plt
 *(.rela.plt)

.text           0x0000000000000000     0x33dc
 *(.vectors)
 .vectors       0x0000000000000000       0x7c /usr/lib/gcc/avr/4.8.1/../../../avr/lib/avr5/crtm644p.o
                0x0000000000000000                __vectors
                0x0000000000000000                __vector_default
 *(.vectors)
 *(.progmem.gcc*)
 .progmem.gcc_sw_table
                0x000000000000007c      0x116 main.o
                0x0000000000000192                . = ALIGN (0x2)
                0x0000000000000192                __trampolines_start = .
 *(.trampolines)
 .trampolines   0x0000000000000192        0x0 linker stubs
 *(.trampolines*)
                0x0000000000000192                __trampolines_end = .
 *(.progmem*)
 .progmem.data  0x0000000000000192      0x4fb main.o
                0x0000000000000192                highlow_tab
                0x000000000000019e                step_tab
                0x00000000000001a3                to_tab
                0x00000000000001a6                relop_table
                0x00000000000001b2                functions
                0x00000000000001cd                commands
                0x000000000000029d                err_msg14
                0x00000000000002b5                err_msg13
                0x00000000000002c2                err_msg12
                0x00000000000002d9                err_msg11
                0x00000000000002ef                err_msg10
                0x0000000000000303                err_msg0F
                0x0000000000000313                err_msg0E
                0x0000000000000324                err_msg0D
                0x0000000000000332                err_msg0C
                0x0000000000000345                err_msg0B
                0x0000000000000356                err_msg0A
                0x0000000000000368                err_msg09
                0x000000000000037c                err_msg08
                0x0000000000000391                err_msg07
                0x00000000000003a3                err_msg05_06
                0x00000000000003b7                err_msg04
                0x00000000000003cc                err_msg03
                0x00000000000003db                err_msg02
                0x00000000000003e8                err_msg01
                0x00000000000003fc                err_msgxr
                0x0000000000000403                err_msgxl
                0x0000000000000409                msg_ok
                0x000000000000040c                msg_break
                0x0000000000000413                msg_available
                0x0000000000000424                msg_rom_bytes
                0x000000000000042f                msg_ram_bytes
                0x000000000000043a                msg_welcome
                0x0000000000000453                to_ascii
                0x0000000000000653                kb_success_msg
                0x0000000000000673                kb_fail_msg
                0x000000000000068e                . = ALIGN (0x2)
 *fill*         0x000000000000068d        0x1 
 *(.jumptables)
 *(.jumptables*)
 *(.lowtext)
 *(.lowtext*)
                0x000000000000068e                __ctors_start = .
 *(.ctors)
                0x000000000000068e                __ctors_end = .
                0x000000000000068e                __dtors_start = .
 *(.dtors)
                0x000000000000068e                __dtors_end = .
 SORT(*)(.ctors)
 SORT(*)(.dtors)
 *(.init0)
 .init0         0x000000000000068e        0x0 /usr/lib/gcc/avr/4.8.1/../../../avr/lib/avr5/crtm644p.o
                0x000000000000068e                __init
 *(.init0)
 *(.init1)
 *(.init1)
 *(.init2)
 .init2         0x000000000000068e        0xc /usr/lib/gcc/avr/4.8.1/../../../avr/lib/avr5/crtm644p.o
 *(.init2)
 *(.init3)
 *(.init3)
 *(.init4)
 .init4         0x000000000000069a       0x16 /usr/lib/gcc/avr/4.8.1/avr5/libgcc.a(_copy_data.o)
                0x000000000000069a                __do_copy_data
 .init4         0x00000000000006b0       0x10 /usr/lib/gcc/avr/4.8.1/avr5/libgcc.a(_clear_bss.o)
                0x00000000000006b0                __do_clear_bss
 *(.init4)
 *(.init5)
 *(.init5)
 *(.init6)
 *(.init6)
 *(.init7)
 *(.init7)
 *(.init8)
 *(.init8)
 *(.init9)
 .init9         0x00000000000006c0        0x8 /usr/lib/gcc/avr/4.8.1/../../../avr/lib/avr5/crtm644p.o
 *(.init9)
 *(.text)
 .text          0x00000000000006c8        0x4 /usr/lib/gcc/avr/4.8.1/../../../avr/lib/avr5/crtm644p.o
                0x00000000000006c8                __vector_22
                0x00000000000006c8                __vector_28
                0x00000000000006c8                __vector_24
                0x00000000000006c8                __vector_12
                0x00000000000006c8                __bad_interrupt
                0x00000000000006c8                __vector_6
                0x00000000000006c8                __vector_23
                0x00000000000006c8                __vector_30
                0x00000000000006c8                __vector_25
                0x00000000000006c8                __vector_11
                0x00000000000006c8                __vector_13
                0x00000000000006c8                __vector_17
                0x00000000000006c8                __vector_19
                0x00000000000006c8                __vector_7
                0x00000000000006c8                __vector_27
                0x00000000000006c8                __vector_5
                0x00000000000006c8                __vector_4
                0x00000000000006c8                __vector_9
                0x00000000000006c8                __vector_2
                0x00000000000006c8                __vector_21
                0x00000000000006c8                __vector_15
                0x00000000000006c8                __vector_29
                0x00000000000006c8                __vector_8
                0x00000000000006c8                __vector_26
                0x00000000000006c8                __vector_14
                0x00000000000006c8                __vector_10
                0x00000000000006c8                __vector_18
                0x00000000000006c8                __vector_20
 .text          0x00000000000006cc     0x2410 main.o
                0x00000000000006cc                putchar_ser
                0x00000000000006ea                getchar_ser
                0x00000000000006fa                putchar_rom
                0x000000000000071c                getchar_rom
                0x000000000000073a                putchar_phy
                0x000000000000077e                __vector_3
                0x000000000000079e                __vector_16
                0x00000000000007be                uart_ansi_rst_clr
                0x0000000000000836                uart_ansi_move_cursor
                0x00000000000008b2                send_to_apu
                0x00000000000008c2                text_color
                0x00000000000008ec                paper_color
                0x0000000000000916                locate_cursor
                0x0000000000000952                put_pixel
                0x00000000000009ba                get_note
                0x0000000000000ab8                get_octave
                0x0000000000000af6                get_duration
                0x0000000000000b22                get_effect
                0x0000000000000b5c                parse_channel
                0x0000000000000b88                parse_notes
                0x0000000000000bea                printstr
                0x0000000000000c22                printmsg_noNL
                0x0000000000000c52                print_string
                0x0000000000000cc0                newline
                0x0000000000000cde                printmsg
                0x0000000000000cf2                push_byte
                0x0000000000000d08                pop_byte
                0x0000000000000d1c                printnum
                0x0000000000000daa                printline
                0x0000000000000e14                error_message
                0x0000000000000f40                find_line
                0x0000000000000f74                ignorespace
                0x0000000000000f94                scantable
                0x0000000000001010                parse_step3
                0x0000000000001082                parse_step2
                0x00000000000010e6                parse_step1
                0x000000000000118e                parse_step4
                0x00000000000013ea                uppercase
                0x000000000000142a                isValidFnChar
                0x000000000000145c                filenameWord
                0x00000000000014dc                fx_delay_ms
                0x00000000000014f2                getchar_phy
                0x000000000000152a                fx_delay_us
                0x000000000000153c                do_beep
                0x0000000000001560                kb_to_buffer
                0x0000000000001594                kb_decode
                0x00000000000016c0                __vector_1
                0x0000000000001768                get_line
                0x0000000000001a24                linenum_test
                0x0000000000001a70                break_test
                0x0000000000001a8c                str_to_num
                0x0000000000001ad2                basic_init
 .text          0x0000000000002adc        0x0 /usr/lib/gcc/avr/4.8.1/avr5/libgcc.a(_divmodhi4.o)
 .text          0x0000000000002adc        0x0 /usr/lib/gcc/avr/4.8.1/avr5/libgcc.a(_exit.o)
 .text          0x0000000000002adc        0x0 /usr/lib/gcc/avr/4.8.1/avr5/libgcc.a(_tablejump.o)
 .text          0x0000000000002adc        0x0 /usr/lib/gcc/avr/4.8.1/avr5/libgcc.a(_copy_data.o)
 .text          0x0000000000002adc        0x0 /usr/lib/gcc/avr/4.8.1/avr5/libgcc.a(_clear_bss.o)
 .text          0x0000000000002adc        0x0 /usr/lib/gcc/avr/4.8.1/avr5/libgcc.a(_udivmodhi4.o)
 .text          0x0000000000002adc        0x0 /usr/lib/gcc/avr/4.8.1/../../../avr/lib/avr5/libc.a(rand.o)
 .text          0x0000000000002adc        0x0 /usr/lib/gcc/avr/4.8.1/../../../avr/lib/avr5/libc.a(fgetc.o)
 .text          0x0000000000002adc        0x0 /usr/lib/gcc/avr/4.8.1/../../../avr/lib/avr5/libc.a(fprintf.o)
 .text          0x0000000000002adc        0x0 /usr/lib/gcc/avr/4.8.1/../../../avr/lib/avr5/libc.a(fputc.o)
 .text          0x0000000000002adc        0x0 /usr/lib/gcc/avr/4.8.1/../../../avr/lib/avr5/libc.a(iob.o)
 .text          0x0000000000002adc        0x0 /usr/lib/gcc/avr/4.8.1/../../../avr/lib/avr5/libc.a(printf.o)
 .text          0x0000000000002adc        0x0 /usr/lib/gcc/avr/4.8.1/../../../avr/lib/avr5/libc.a(vfprintf_std.o)
 .text          0x0000000000002adc        0x0 /usr/lib/gcc/avr/4.8.1/../../../avr/lib/avr5/libc.a(eerd_byte_atmega644p.o)
 .text          0x0000000000002adc        0x0 /usr/lib/gcc/avr/4.8.1/../../../avr/lib/avr5/libc.a(eeupd_byte_atmega644p.o)
 .text          0x0000000000002adc        0x0 /usr/lib/gcc/avr/4.8.1/../../../avr/lib/avr5/libc.a(strnlen_P.o)
 .text          0x0000000000002adc        0x0 /usr/lib/gcc/avr/4.8.1/../../../avr/lib/avr5/libc.a(strnlen.o)
 .text          0x0000000000002adc        0x0 /usr/lib/gcc/avr/4.8.1/../../../avr/lib/avr5/libc.a(ultoa_invert.o)
 .text          0x0000000000002adc        0x0 /usr/lib/gcc/avr/4.8.1/avr5/libgcc.a(_divmodsi4.o)
 .text          0x0000000000002adc        0x0 /usr/lib/gcc/avr/4.8.1/avr5/libgcc.a(_negsi2.o)
 .text          0x0000000000002adc        0x0 /usr/lib/gcc/avr/4.8.1/avr5/libgcc.a(_muluhisi3.o)
 .text          0x0000000000002adc        0x0 /usr/lib/gcc/avr/4.8.1/avr5/libgcc.a(_mulshisi3.o)
 .text          0x0000000000002adc        0x0 /usr/lib/gcc/avr/4.8.1/avr5/libgcc.a(_prologue.o)
 .text          0x0000000000002adc        0x0 /usr/lib/gcc/avr/4.8.1/avr5/libgcc.a(_epilogue.o)
 .text          0x0000000000002adc        0x0 /usr/lib/gcc/avr/4.8.1/avr5/libgcc.a(_udivmodsi4.o)
 .text          0x0000000000002adc        0x0 /usr/lib/gcc/avr/4.8.1/avr5/libgcc.a(_umulhisi3.o)
                0x0000000000002adc                . = ALIGN (0x2)
 *(.text.*)
 .text.startup  0x0000000000002adc       0xc4 main.o
                0x0000000000002adc                main
 .text.libgcc.mul
                0x0000000000002ba0        0x0 /usr/lib/gcc/avr/4.8.1/avr5/libgcc.a(_divmodhi4.o)
 .text.libgcc.div
                0x0000000000002ba0       0x28 /usr/lib/gcc/avr/4.8.1/avr5/libgcc.a(_divmodhi4.o)
                0x0000000000002ba0                __divmodhi4
                0x0000000000002ba0                _div
 .text.libgcc   0x0000000000002bc8        0x0 /usr/lib/gcc/avr/4.8.1/avr5/libgcc.a(_divmodhi4.o)
 .text.libgcc.prologue
                0x0000000000002bc8        0x0 /usr/lib/gcc/avr/4.8.1/avr5/libgcc.a(_divmodhi4.o)
 .text.libgcc.builtins
                0x0000000000002bc8        0x0 /usr/lib/gcc/avr/4.8.1/avr5/libgcc.a(_divmodhi4.o)
 .text.libgcc.fmul
                0x0000000000002bc8        0x0 /usr/lib/gcc/avr/4.8.1/avr5/libgcc.a(_divmodhi4.o)
 .text.libgcc.fixed
                0x0000000000002bc8        0x0 /usr/lib/gcc/avr/4.8.1/avr5/libgcc.a(_divmodhi4.o)
 .text.libgcc.mul
                0x0000000000002bc8        0x0 /usr/lib/gcc/avr/4.8.1/avr5/libgcc.a(_exit.o)
 .text.libgcc.div
                0x0000000000002bc8        0x0 /usr/lib/gcc/avr/4.8.1/avr5/libgcc.a(_exit.o)
 .text.libgcc   0x0000000000002bc8        0x0 /usr/lib/gcc/avr/4.8.1/avr5/libgcc.a(_exit.o)
 .text.libgcc.prologue
                0x0000000000002bc8        0x0 /usr/lib/gcc/avr/4.8.1/avr5/libgcc.a(_exit.o)
 .text.libgcc.builtins
                0x0000000000002bc8        0x0 /usr/lib/gcc/avr/4.8.1/avr5/libgcc.a(_exit.o)
 .text.libgcc.fmul
                0x0000000000002bc8        0x0 /usr/lib/gcc/avr/4.8.1/avr5/libgcc.a(_exit.o)
 .text.libgcc.fixed
                0x0000000000002bc8        0x0 /usr/lib/gcc/avr/4.8.1/avr5/libgcc.a(_exit.o)
 .text.libgcc.mul
                0x0000000000002bc8        0x0 /usr/lib/gcc/avr/4.8.1/avr5/libgcc.a(_tablejump.o)
 .text.libgcc.div
                0x0000000000002bc8        0x0 /usr/lib/gcc/avr/4.8.1/avr5/libgcc.a(_tablejump.o)
 .text.libgcc   0x0000000000002bc8        0xc /usr/lib/gcc/avr/4.8.1/avr5/libgcc.a(_tablejump.o)
                0x0000000000002bc8                __tablejump2__
                0x0000000000002bcc                __tablejump__
 .text.libgcc.prologue
                0x0000000000002bd4        0x0 /usr/lib/gcc/avr/4.8.1/avr5/libgcc.a(_tablejump.o)
 .text.libgcc.builtins
                0x0000000000002bd4        0x0 /usr/lib/gcc/avr/4.8.1/avr5/libgcc.a(_tablejump.o)
 .text.libgcc.fmul
                0x0000000000002bd4        0x0 /usr/lib/gcc/avr/4.8.1/avr5/libgcc.a(_tablejump.o)
 .text.libgcc.fixed
                0x0000000000002bd4        0x0 /usr/lib/gcc/avr/4.8.1/avr5/libgcc.a(_tablejump.o)
 .text.libgcc.mul
                0x0000000000002bd4        0x0 /usr/lib/gcc/avr/4.8.1/avr5/libgcc.a(_copy_data.o)
 .text.libgcc.div
                0x0000000000002bd4        0x0 /usr/lib/gcc/avr/4.8.1/avr5/libgcc.a(_copy_data.o)
 .text.libgcc   0x0000000000002bd4        0x0 /usr/lib/gcc/avr/4.8.1/avr5/libgcc.a(_copy_data.o)
 .text.libgcc.prologue
                0x0000000000002bd4        0x0 /usr/lib/gcc/avr/4.8.1/avr5/libgcc.a(_copy_data.o)
 .text.libgcc.builtins
                0x0000000000002bd4        0x0 /usr/lib/gcc/avr/4.8.1/avr5/libgcc.a(_copy_data.o)
 .text.libgcc.fmul
                0x0000000000002bd4        0x0 /usr/lib/gcc/avr/4.8.1/avr5/libgcc.a(_copy_data.o)
 .text.libgcc.fixed
                0x0000000000002bd4        0x0 /usr/lib/gcc/avr/4.8.1/avr5/libgcc.a(_copy_data.o)
 .text.libgcc.mul
                0x0000000000002bd4        0x0 /usr/lib/gcc/avr/4.8.1/avr5/libgcc.a(_clear_bss.o)
 .text.libgcc.div
                0x0000000000002bd4        0x0 /usr/lib/gcc/avr/4.8.1/avr5/libgcc.a(_clear_bss.o)
 .text.libgcc   0x0000000000002bd4        0x0 /usr/lib/gcc/avr/4.8.1/avr5/libgcc.a(_clear_bss.o)
 .text.libgcc.prologue
                0x0000000000002bd4        0x0 /usr/lib/gcc/avr/4.8.1/avr5/libgcc.a(_clear_bss.o)
 .text.libgcc.builtins
                0x0000000000002bd4        0x0 /usr/lib/gcc/avr/4.8.1/avr5/libgcc.a(_clear_bss.o)
 .text.libgcc.fmul
                0x0000000000002bd4        0x0 /usr/lib/gcc/avr/4.8.1/avr5/libgcc.a(_clear_bss.o)
 .text.libgcc.fixed
                0x0000000000002bd4        0x0 /usr/lib/gcc/avr/4.8.1/avr5/libgcc.a(_clear_bss.o)
 .text.libgcc.mul
                0x0000000000002bd4        0x0 /usr/lib/gcc/avr/4.8.1/avr5/libgcc.a(_udivmodhi4.o)
 .text.libgcc.div
                0x0000000000002bd4       0x28 /usr/lib/gcc/avr/4.8.1/avr5/libgcc.a(_udivmodhi4.o)
                0x0000000000002bd4                __udivmodhi4
 .text.libgcc   0x0000000000002bfc        0x0 /usr/lib/gcc/avr/4.8.1/avr5/libgcc.a(_udivmodhi4.o)
 .text.libgcc.prologue
                0x0000000000002bfc        0x0 /usr/lib/gcc/avr/4.8.1/avr5/libgcc.a(_udivmodhi4.o)
 .text.libgcc.builtins
                0x0000000000002bfc        0x0 /usr/lib/gcc/avr/4.8.1/avr5/libgcc.a(_udivmodhi4.o)
 .text.libgcc.fmul
                0x0000000000002bfc        0x0 /usr/lib/gcc/avr/4.8.1/avr5/libgcc.a(_udivmodhi4.o)
 .text.libgcc.fixed
                0x0000000000002bfc        0x0 /usr/lib/gcc/avr/4.8.1/avr5/libgcc.a(_udivmodhi4.o)
 .text.avr-libc
                0x0000000000002bfc       0xbc /usr/lib/gcc/avr/4.8.1/../../../avr/lib/avr5/libc.a(rand.o)
                0x0000000000002c92                rand_r
                0x0000000000002c98                rand
                0x0000000000002ca2                srand
 .text.avr-libc
                0x0000000000002cb8       0x7c /usr/lib/gcc/avr/4.8.1/../../../avr/lib/avr5/libc.a(fgetc.o)
                0x0000000000002cb8                fgetc
 .text.avr-libc
                0x0000000000002d34       0x24 /usr/lib/gcc/avr/4.8.1/../../../avr/lib/avr5/libc.a(fprintf.o)
                0x0000000000002d34                fprintf
 .text.avr-libc
                0x0000000000002d58       0x64 /usr/lib/gcc/avr/4.8.1/../../../avr/lib/avr5/libc.a(fputc.o)
                0x0000000000002d58                fputc
 .text.avr-libc
                0x0000000000002dbc       0x28 /usr/lib/gcc/avr/4.8.1/../../../avr/lib/avr5/libc.a(printf.o)
                0x0000000000002dbc                printf
 .text.avr-libc
                0x0000000000002de4      0x3a4 /usr/lib/gcc/avr/4.8.1/../../../avr/lib/avr5/libc.a(vfprintf_std.o)
                0x0000000000002de4                vfprintf
 .text.avr-libc
                0x0000000000003188       0x10 /usr/lib/gcc/avr/4.8.1/../../../avr/lib/avr5/libc.a(eerd_byte_atmega644p.o)
                0x0000000000003188                __eerd_byte_m644p
 .text.avr-libc
                0x0000000000003198       0x24 /usr/lib/gcc/avr/4.8.1/../../../avr/lib/avr5/libc.a(eeupd_byte_atmega644p.o)
                0x0000000000003198                __eeupd_byte_m644p
                0x000000000000319a                __eeupd_r18_m644p
 .text.avr-libc
                0x00000000000031bc       0x16 /usr/lib/gcc/avr/4.8.1/../../../avr/lib/avr5/libc.a(strnlen_P.o)
                0x00000000000031bc                strnlen_P
 .text.avr-libc
                0x00000000000031d2       0x16 /usr/lib/gcc/avr/4.8.1/../../../avr/lib/avr5/libc.a(strnlen.o)
                0x00000000000031d2                strnlen
 .text.avr-libc
                0x00000000000031e8       0xbc /usr/lib/gcc/avr/4.8.1/../../../avr/lib/avr5/libc.a(ultoa_invert.o)
                0x00000000000031e8                __ultoa_invert
 .text.libgcc.mul
                0x00000000000032a4        0x0 /usr/lib/gcc/avr/4.8.1/avr5/libgcc.a(_divmodsi4.o)
 .text.libgcc.div
                0x00000000000032a4       0x2e /usr/lib/gcc/avr/4.8.1/avr5/libgcc.a(_divmodsi4.o)
                0x00000000000032a4                __divmodsi4
 .text.libgcc   0x00000000000032d2        0x0 /usr/lib/gcc/avr/4.8.1/avr5/libgcc.a(_divmodsi4.o)
 .text.libgcc.prologue
                0x00000000000032d2        0x0 /usr/lib/gcc/avr/4.8.1/avr5/libgcc.a(_divmodsi4.o)
 .text.libgcc.builtins
                0x00000000000032d2        0x0 /usr/lib/gcc/avr/4.8.1/avr5/libgcc.a(_divmodsi4.o)
 .text.libgcc.fmul
                0x00000000000032d2        0x0 /usr/lib/gcc/avr/4.8.1/avr5/libgcc.a(_divmodsi4.o)
 .text.libgcc.fixed
                0x00000000000032d2        0x0 /usr/lib/gcc/avr/4.8.1/avr5/libgcc.a(_divmodsi4.o)
 .text.libgcc.mul
                0x00000000000032d2        0x0 /usr/lib/gcc/avr/4.8.1/avr5/libgcc.a(_negsi2.o)
 .text.libgcc.div
                0x00000000000032d2       0x10 /usr/lib/gcc/avr/4.8.1/avr5/libgcc.a(_negsi2.o)
                0x00000000000032d2                __negsi2
 .text.libgcc   0x00000000000032e2        0x0 /usr/lib/gcc/avr/4.8.1/avr5/libgcc.a(_negsi2.o)
 .text.libgcc.prologue
                0x00000000000032e2        0x0 /usr/lib/gcc/avr/4.8.1/avr5/libgcc.a(_negsi2.o)
 .text.libgcc.builtins
                0x00000000000032e2        0x0 /usr/lib/gcc/avr/4.8.1/avr5/libgcc.a(_negsi2.o)
 .text.libgcc.fmul
                0x00000000000032e2        0x0 /usr/lib/gcc/avr/4.8.1/avr5/libgcc.a(_negsi2.o)
 .text.libgcc.fixed
                0x00000000000032e2        0x0 /usr/lib/gcc/avr/4.8.1/avr5/libgcc.a(_negsi2.o)
 .text.libgcc.mul
                0x00000000000032e2       0x16 /usr/lib/gcc/avr/4.8.1/avr5/libgcc.a(_muluhisi3.o)
                0x00000000000032e2                __muluhisi3
 .text.libgcc.div
                0x00000000000032f8        0x0 /usr/lib/gcc/avr/4.8.1/avr5/libgcc.a(_muluhisi3.o)
 .text.libgcc   0x00000000000032f8        0x0 /usr/lib/gcc/avr/4.8.1/avr5/libgcc.a(_muluhisi3.o)
 .text.libgcc.prologue
                0x00000000000032f8        0x0 /usr/lib/gcc/avr/4.8.1/avr5/libgcc.a(_muluhisi3.o)
 .text.libgcc.builtins
                0x00000000000032f8        0x0 /usr/lib/gcc/avr/4.8.1/avr5/libgcc.a(_muluhisi3.o)
 .text.libgcc.fmul
                0x00000000000032f8        0x0 /usr/lib/gcc/avr/4.8.1/avr5/libgcc.a(_muluhisi3.o)
 .text.libgcc.fixed
                0x00000000000032f8        0x0 /usr/lib/gcc/avr/4.8.1/avr5/libgcc.a(_muluhisi3.o)
 .text.libgcc.mul
                0x00000000000032f8       0x10 /usr/lib/gcc/avr/4.8.1/avr5/libgcc.a(_mulshisi3.o)
                0x00000000000032f8                __mulshisi3
                0x00000000000032fe                __mulohisi3
 .text.libgcc.div
                0x0000000000003308        0x0 /usr/lib/gcc/avr/4.8.1/avr5/libgcc.a(_mulshisi3.o)
 .text.libgcc   0x0000000000003308        0x0 /usr/lib/gcc/avr/4.8.1/avr5/libgcc.a(_mulshisi3.o)
 .text.libgcc.prologue
                0x0000000000003308        0x0 /usr/lib/gcc/avr/4.8.1/avr5/libgcc.a(_mulshisi3.o)
 .text.libgcc.builtins
                0x0000000000003308        0x0 /usr/lib/gcc/avr/4.8.1/avr5/libgcc.a(_mulshisi3.o)
 .text.libgcc.fmul
                0x0000000000003308        0x0 /usr/lib/gcc/avr/4.8.1/avr5/libgcc.a(_mulshisi3.o)
 .text.libgcc.fixed
                0x0000000000003308        0x0 /usr/lib/gcc/avr/4.8.1/avr5/libgcc.a(_mulshisi3.o)
 .text.libgcc.mul
                0x0000000000003308        0x0 /usr/lib/gcc/avr/4.8.1/avr5/libgcc.a(_prologue.o)
 .text.libgcc.div
                0x0000000000003308        0x0 /usr/lib/gcc/avr/4.8.1/avr5/libgcc.a(_prologue.o)
 .text.libgcc   0x0000000000003308        0x0 /usr/lib/gcc/avr/4.8.1/avr5/libgcc.a(_prologue.o)
 .text.libgcc.prologue
                0x0000000000003308       0x38 /usr/lib/gcc/avr/4.8.1/avr5/libgcc.a(_prologue.o)
                0x0000000000003308                __prologue_saves__
 .text.libgcc.builtins
                0x0000000000003340        0x0 /usr/lib/gcc/avr/4.8.1/avr5/libgcc.a(_prologue.o)
 .text.libgcc.fmul
                0x0000000000003340        0x0 /usr/lib/gcc/avr/4.8.1/avr5/libgcc.a(_prologue.o)
 .text.libgcc.fixed
                0x0000000000003340        0x0 /usr/lib/gcc/avr/4.8.1/avr5/libgcc.a(_prologue.o)
 .text.libgcc.mul
                0x0000000000003340        0x0 /usr/lib/gcc/avr/4.8.1/avr5/libgcc.a(_epilogue.o)
 .text.libgcc.div
                0x0000000000003340        0x0 /usr/lib/gcc/avr/4.8.1/avr5/libgcc.a(_epilogue.o)
 .text.libgcc   0x0000000000003340        0x0 /usr/lib/gcc/avr/4.8.1/avr5/libgcc.a(_epilogue.o)
 .text.libgcc.prologue
                0x0000000000003340       0x36 /usr/lib/gcc/avr/4.8.1/avr5/libgcc.a(_epilogue.o)
                0x0000000000003340                __epilogue_restores__
 .text.libgcc.builtins
                0x0000000000003376        0x0 /usr/lib/gcc/avr/4.8.1/avr5/libgcc.a(_epilogue.o)
 .text.libgcc.fmul
                0x0000000000003376        0x0 /usr/lib/gcc/avr/4.8.1/avr5/libgcc.a(_epilogue.o)
 .text.libgcc.fixed
                0x0000000000003376        0x0 /usr/lib/gcc/avr/4.8.1/avr5/libgcc.a(_epilogue.o)
 .text.libgcc.mul
                0x0000000000003376        0x0 /usr/lib/gcc/avr/4.8.1/avr5/libgcc.a(_udivmodsi4.o)
 .text.libgcc.div
                0x0000000000003376       0x44 /usr/lib/gcc/avr/4.8.1/avr5/libgcc.a(_udivmodsi4.o)
                0x0000000000003376                __udivmodsi4
 .text.libgcc   0x00000000000033ba        0x0 /usr/lib/gcc/avr/4.8.1/avr5/libgcc.a(_udivmodsi4.o)
 .text.libgcc.prologue
                0x00000000000033ba        0x0 /usr/lib/gcc/avr/4.8.1/avr5/libgcc.a(_udivmodsi4.o)
 .text.libgcc.builtins
                0x00000000000033ba        0x0 /usr/lib/gcc/avr/4.8.1/avr5/libgcc.a(_udivmodsi4.o)
 .text.libgcc.fmul
                0x00000000000033ba        0x0 /usr/lib/gcc/avr/4.8.1/avr5/libgcc.a(_udivmodsi4.o)
 .text.libgcc.fixed
                0x00000000000033ba        0x0 /usr/lib/gcc/avr/4.8.1/avr5/libgcc.a(_udivmodsi4.o)
 .text.libgcc.mul
                0x00000000000033ba       0x1e /usr/lib/gcc/avr/4.8.1/avr5/libgcc.a(_umulhisi3.o)
                0x00000000000033ba                __umulhisi3
 .text.libgcc.div
                0x00000000000033d8        0x0 /usr/lib/gcc/avr/4.8.1/avr5/libgcc.a(_umulhisi3.o)
 .text.libgcc   0x00000000000033d8        0x0 /usr/lib/gcc/avr/4.8.1/avr5/libgcc.a(_umulhisi3.o)
 .text.libgcc.prologue
                0x00000000000033d8        0x0 /usr/lib/gcc/avr/4.8.1/avr5/libgcc.a(_umulhisi3.o)
 .text.libgcc.builtins
                0x00000000000033d8        0x0 /usr/lib/gcc/avr/4.8.1/avr5/libgcc.a(_umulhisi3.o)
 .text.libgcc.fmul
                0x00000000000033d8        0x0 /usr/lib/gcc/avr/4.8.1/avr5/libgcc.a(_umulhisi3.o)
 .text.libgcc.fixed
                0x00000000000033d8        0x0 /usr/lib/gcc/avr/4.8.1/avr5/libgcc.a(_umulhisi3.o)
                0x00000000000033d8                . = ALIGN (0x2)
 *(.fini9)
 .fini9         0x00000000000033d8        0x0 /usr/lib/gcc/avr/4.8.1/avr5/libgcc.a(_exit.o)
                0x00000000000033d8                exit
                0x00000000000033d8                _exit
 *(.fini9)
 *(.fini8)
 *(.fini8)
 *(.fini7)
 *(.fini7)
 *(.fini6)
 *(.fini6)
 *(.fini5)
 *(.fini5)
 *(.fini4)
 *(.fini4)
 *(.fini3)
 *(.fini3)
 *(.fini2)
 *(.fini2)
 *(.fini1)
 *(.fini1)
 *(.fini0)
 .fini0         0x00000000000033d8        0x4 /usr/lib/gcc/avr/4.8.1/avr5/libgcc.a(_exit.o)
 *(.fini0)
                0x00000000000033dc                _etext = .

.data           0x0000000000800100       0x36 load address 0x00000000000033dc
                0x0000000000800100                PROVIDE (__data_start, .)
 *(.data)
 .data          0x0000000000800100        0x0 /usr/lib/gcc/avr/4.8.1/../../../avr/lib/avr5/crtm644p.o
 .data          0x0000000000800100       0x2a main.o
                0x0000000000800100                stream_eeprom
                0x000000000080010e                stream_pseudo
                0x000000000080011c                stream_physical
 .data          0x000000000080012a        0x0 /usr/lib/gcc/avr/4.8.1/avr5/libgcc.a(_divmodhi4.o)
 .data          0x000000000080012a        0x0 /usr/lib/gcc/avr/4.8.1/avr5/libgcc.a(_exit.o)
 .data          0x000000000080012a        0x0 /usr/lib/gcc/avr/4.8.1/avr5/libgcc.a(_tablejump.o)
 .data          0x000000000080012a        0x0 /usr/lib/gcc/avr/4.8.1/avr5/libgcc.a(_copy_data.o)
 .data          0x000000000080012a        0x0 /usr/lib/gcc/avr/4.8.1/avr5/libgcc.a(_clear_bss.o)
 .data          0x000000000080012a        0x0 /usr/lib/gcc/avr/4.8.1/avr5/libgcc.a(_udivmodhi4.o)
 .data          0x000000000080012a        0x4 /usr/lib/gcc/avr/4.8.1/../../../avr/lib/avr5/libc.a(rand.o)
 .data          0x000000000080012e        0x0 /usr/lib/gcc/avr/4.8.1/../../../avr/lib/avr5/libc.a(fgetc.o)
 .data          0x000000000080012e        0x0 /usr/lib/gcc/avr/4.8.1/../../../avr/lib/avr5/libc.a(fprintf.o)
 .data          0x000000000080012e        0x0 /usr/lib/gcc/avr/4.8.1/../../../avr/lib/avr5/libc.a(fputc.o)
 .data          0x000000000080012e        0x0 /usr/lib/gcc/avr/4.8.1/../../../avr/lib/avr5/libc.a(iob.o)
 .data          0x000000000080012e        0x0 /usr/lib/gcc/avr/4.8.1/../../../avr/lib/avr5/libc.a(printf.o)
 .data          0x000000000080012e        0x0 /usr/lib/gcc/avr/4.8.1/../../../avr/lib/avr5/libc.a(vfprintf_std.o)
 .data          0x000000000080012e        0x0 /usr/lib/gcc/avr/4.8.1/../../../avr/lib/avr5/libc.a(eerd_byte_atmega644p.o)
 .data          0x000000000080012e        0x0 /usr/lib/gcc/avr/4.8.1/../../../avr/lib/avr5/libc.a(eeupd_byte_atmega644p.o)
 .data          0x000000000080012e        0x0 /usr/lib/gcc/avr/4.8.1/../../../avr/lib/avr5/libc.a(strnlen_P.o)
 .data          0x000000000080012e        0x0 /usr/lib/gcc/avr/4.8.1/../../../avr/lib/avr5/libc.a(strnlen.o)
 .data          0x000000000080012e        0x0 /usr/lib/gcc/avr/4.8.1/../../../avr/lib/avr5/libc.a(ultoa_invert.o)
 .data          0x000000000080012e        0x0 /usr/lib/gcc/avr/4.8.1/avr5/libgcc.a(_divmodsi4.o)
 .data          0x000000000080012e        0x0 /usr/lib/gcc/avr/4.8.1/avr5/libgcc.a(_negsi2.o)
 .data          0x000000000080012e        0x0 /usr/lib/gcc/avr/4.8.1/avr5/libgcc.a(_muluhisi3.o)
 .data          0x000000000080012e        0x0 /usr/lib/gcc/avr/4.8.1/avr5/libgcc.a(_mulshisi3.o)
 .data          0x000000000080012e        0x0 /usr/lib/gcc/avr/4.8.1/avr5/libgcc.a(_prologue.o)
 .data          0x000000000080012e        0x0 /usr/lib/gcc/avr/4.8.1/avr5/libgcc.a(_epilogue.o)
 .data          0x000000000080012e        0x0 /usr/lib/gcc/avr/4.8.1/avr5/libgcc.a(_udivmodsi4.o)
 .data          0x000000000080012e        0x0 /usr/lib/gcc/avr/4.8.1/avr5/libgcc.a(_umulhisi3.o)
 *(.data*)
 *(.rodata)
 *(.rodata*)
 .rodata.str1.1
                0x000000000080012e        0x8 main.o
 *(.gnu.linkonce.d*)
                0x0000000000800136                . = ALIGN (0x2)
                0x0000000000800136                _edata = .
                0x0000000000800136                PROVIDE (__data_end, .)

.bss            0x0000000000800136      0xc9b
                0x0000000000800136                PROVIDE (__bss_start, .)
 *(.bss)
 .bss           0x0000000000800136        0x0 /usr/lib/gcc/avr/4.8.1/../../../avr/lib/avr5/crtm644p.o
 .bss           0x0000000000800136        0x3 main.o
                0x0000000000800136                alsoWait
 .bss           0x0000000000800139        0x0 /usr/lib/gcc/avr/4.8.1/avr5/libgcc.a(_divmodhi4.o)
 .bss           0x0000000000800139        0x0 /usr/lib/gcc/avr/4.8.1/avr5/libgcc.a(_exit.o)
 .bss           0x0000000000800139        0x0 /usr/lib/gcc/avr/4.8.1/avr5/libgcc.a(_tablejump.o)
 .bss           0x0000000000800139        0x0 /usr/lib/gcc/avr/4.8.1/avr5/libgcc.a(_copy_data.o)
 .bss           0x0000000000800139        0x0 /usr/lib/gcc/avr/4.8.1/avr5/libgcc.a(_clear_bss.o)
 .bss           0x0000000000800139        0x0 /usr/lib/gcc/avr/4.8.1/avr5/libgcc.a(_udivmodhi4.o)
 .bss           0x0000000000800139        0x0 /usr/lib/gcc/avr/4.8.1/../../../avr/lib/avr5/libc.a(rand.o)
 .bss           0x0000000000800139        0x0 /usr/lib/gcc/avr/4.8.1/../../../avr/lib/avr5/libc.a(fgetc.o)
 .bss           0x0000000000800139        0x0 /usr/lib/gcc/avr/4.8.1/../../../avr/lib/avr5/libc.a(fprintf.o)
 .bss           0x0000000000800139        0x0 /usr/lib/gcc/avr/4.8.1/../../../avr/lib/avr5/libc.a(fputc.o)
 .bss           0x0000000000800139        0x0 /usr/lib/gcc/avr/4.8.1/../../../avr/lib/avr5/libc.a(iob.o)
 .bss           0x0000000000800139        0x0 /usr/lib/gcc/avr/4.8.1/../../../avr/lib/avr5/libc.a(printf.o)
 .bss           0x0000000000800139        0x0 /usr/lib/gcc/avr/4.8.1/../../../avr/lib/avr5/libc.a(vfprintf_std.o)
 .bss           0x0000000000800139        0x0 /usr/lib/gcc/avr/4.8.1/../../../avr/lib/avr5/libc.a(eerd_byte_atmega644p.o)
 .bss           0x0000000000800139        0x0 /usr/lib/gcc/avr/4.8.1/../../../avr/lib/avr5/libc.a(eeupd_byte_atmega644p.o)
 .bss           0x0000000000800139        0x0 /usr/lib/gcc/avr/4.8.1/../../../avr/lib/avr5/libc.a(strnlen_P.o)
 .bss           0x0000000000800139        0x0 /usr/lib/gcc/avr/4.8.1/../../../avr/lib/avr5/libc.a(strnlen.o)
 .bss           0x0000000000800139        0x0 /usr/lib/gcc/avr/4.8.1/../../../avr/lib/avr5/libc.a(ultoa_invert.o)
 .bss           0x0000000000800139        0x0 /usr/lib/gcc/avr/4.8.1/avr5/libgcc.a(_divmodsi4.o)
 .bss           0x0000000000800139        0x0 /usr/lib/gcc/avr/4.8.1/avr5/libgcc.a(_negsi2.o)
 .bss           0x0000000000800139        0x0 /usr/lib/gcc/avr/4.8.1/avr5/libgcc.a(_muluhisi3.o)
 .bss           0x0000000000800139        0x0 /usr/lib/gcc/avr/4.8.1/avr5/libgcc.a(_mulshisi3.o)
 .bss           0x0000000000800139        0x0 /usr/lib/gcc/avr/4.8.1/avr5/libgcc.a(_prologue.o)
 .bss           0x0000000000800139        0x0 /usr/lib/gcc/avr/4.8.1/avr5/libgcc.a(_epilogue.o)
 .bss           0x0000000000800139        0x0 /usr/lib/gcc/avr/4.8.1/avr5/libgcc.a(_udivmodsi4.o)
 .bss           0x0000000000800139        0x0 /usr/lib/gcc/avr/4.8.1/avr5/libgcc.a(_umulhisi3.o)
 *(.bss*)
 *(COMMON)
 COMMON         0x0000000000800139      0xc92 main.o
                0x0000000000800139                main_config
                0x000000000080013a                maxpos
                0x000000000080013c                program
                0x0000000000800d8b                kb_buffer_cnt
                0x0000000000800d8c                linenum
                0x0000000000800d8e                kb_bit_cnt
                0x0000000000800d8f                txtpos
                0x0000000000800d91                in_buffer
                0x0000000000800d97                stack
                0x0000000000800d99                new_end
                0x0000000000800d9b                kb_read_ptr
                0x0000000000800d9c                val
                0x0000000000800d9e                stack_limit
                0x0000000000800da0                eeprom_ptr
                0x0000000000800da2                current_line
                0x0000000000800da4                table_index
                0x0000000000800da5                program_end
                0x0000000000800da7                kb_write_ptr
                0x0000000000800da8                list_line
                0x0000000000800daa                break_flow
                0x0000000000800dab                sp
                0x0000000000800dad                edge
                0x0000000000800dae                tempsp
                0x0000000000800db0                program_start
                0x0000000000800db2                variables_begin
                0x0000000000800db4                kb_buffer
                0x0000000000800dc4                start
                0x0000000000800dc6                error_code
                0x0000000000800dc7                inptr
                0x0000000000800dc9                isDigital
                0x0000000000800dca                linelen
 COMMON         0x0000000000800dcb        0x6 /usr/lib/gcc/avr/4.8.1/../../../avr/lib/avr5/libc.a(iob.o)
                0x0000000000800dcb                __iob
                0x0000000000800dd1                PROVIDE (__bss_end, .)
                0x00000000000033dc                __data_load_start = LOADADDR (.data)
                0x0000000000003412                __data_load_end = (__data_load_start + SIZEOF (.data))

.noinit         0x0000000000800dd1        0x0
                0x0000000000800dd1                PROVIDE (__noinit_start, .)
 *(.noinit*)
                0x0000000000800dd1                PROVIDE (__noinit_end, .)
                0x0000000000800dd1                _end = .
                0x0000000000800dd1                PROVIDE (__heap_start, .)

.eeprom         0x0000000000810000        0x0
 *(.eeprom*)
                0x0000000000810000                __eeprom_end = .

.fuse
 *(.fuse)
 *(.lfuse)
 *(.hfuse)
 *(.efuse)

.lock
 *(.lock*)

.signature
 *(.signature*)

.user_signatures
 *(.user_signatures*)

.stab
 *(.stab)

.stabstr
 *(.stabstr)

.stab.excl
 *(.stab.excl)

.stab.exclstr
 *(.stab.exclstr)

.stab.index
 *(.stab.index)

.stab.indexstr
 *(.stab.indexstr)

.comment        0x0000000000000000       0x11
 *(.comment)
 .comment       0x0000000000000000       0x11 main.o
                                         0x12 (size before relaxing)
 .comment       0x0000000000000000       0x12 /usr/lib/gcc/avr/4.8.1/../../../avr/lib/avr5/libc.a(rand.o)
 .comment       0x0000000000000000       0x12 /usr/lib/gcc/avr/4.8.1/../../../avr/lib/avr5/libc.a(fgetc.o)
 .comment       0x0000000000000000       0x12 /usr/lib/gcc/avr/4.8.1/../../../avr/lib/avr5/libc.a(fprintf.o)
 .comment       0x0000000000000000       0x12 /usr/lib/gcc/avr/4.8.1/../../../avr/lib/avr5/libc.a(fputc.o)
 .comment       0x0000000000000000       0x12 /usr/lib/gcc/avr/4.8.1/../../../avr/lib/avr5/libc.a(iob.o)
 .comment       0x0000000000000000       0x12 /usr/lib/gcc/avr/4.8.1/../../../avr/lib/avr5/libc.a(printf.o)
 .comment       0x0000000000000000       0x12 /usr/lib/gcc/avr/4.8.1/../../../avr/lib/avr5/libc.a(vfprintf_std.o)

.note.gnu.build-id
 *(.note.gnu.build-id)

.debug
 *(.debug)

.line
 *(.line)

.debug_srcinfo
 *(.debug_srcinfo)

.debug_sfnames
 *(.debug_sfnames)

.debug_aranges
 *(.debug_aranges)

.debug_pubnames
 *(.debug_pubnames)

.debug_info
 *(.debug_info .gnu.linkonce.wi.*)

.debug_abbrev
 *(.debug_abbrev)

.debug_line
 *(.debug_line .debug_line.* .debug_line_end)

.debug_frame
 *(.debug_frame)

.debug_str
 *(.debug_str)

.debug_loc
 *(.debug_loc)

.debug_macinfo
 *(.debug_macinfo)

.debug_weaknames
 *(.debug_weaknames)

.debug_funcnames
 *(.debug_funcnames)

.debug_typenames
 *(.debug_typenames)

.debug_varnames
 *(.debug_varnames)

.debug_pubtypes
 *(.debug_pubtypes)

.debug_ranges
 *(.debug_ranges)

.debug_macro
 *(.debug_macro)
OUTPUT(main.out elf32-avr)
LOAD linker stubs
